{"MENU":{"CART":{"EMPTY":"Esvaziar Carrinho","CHECKOUT":"Fechar Pedido"},"USER":{"LABEL":"Usuário","DROPDOWN":{"EDIT":"Editar","LOGOUT":"Sair"}}},"COUNTRY":{"USA":{"NAME":"Estados Unidos","LANGUAGE":"Inglês"},"BRAZIL":{"NAME":"Brasil","LANGUAGE":"Português"},"SPAIN":{"NAME":"Espanha","LANGUAGE":"Espanhol"}}}