{"MENU":{"CART":{"EMPTY":"Vaciar Carrito","CHECKOUT":"Realizar Pedido"},"USER":{"LABEL":"Usuario","DROPDOWN":{"EDIT":"Editar","LOGOUT":"Finalizar la Sesión"}}},"COUNTRY":{"USA":{"NAME":"Estados Unidos","LANGUAGE":"Inglés"},"BRAZIL":{"NAME":"Brasil","LANGUAGE":"Portugués"},"SPAIN":{"NAME":"España","LANGUAGE":"Español"}}}