{"MENU":{"CART":{"EMPTY":"Empty Cart","CHECKOUT":"Checkout"},"USER":{"LABEL":"User","DROPDOWN":{"EDIT":"Edit","LOGOUT":"Logout"}}},"COUNTRY":{"USA":{"NAME":"United States","LANGUAGE":"English"},"BRAZIL":{"NAME":"Brazil","LANGUAGE":"Portuguese"},"SPAIN":{"NAME":"Spain","LANGUAGE":"Spanish"}}}