{"en":{"MENU":{"CART":{"EMPTY":"Empty Cart","CHECKOUT":"Checkout"},"USER":{"LABEL":"User","DROPDOWN":{"EDIT":"Edit","LOGOUT":"Logout"}}},"COUNTRY":{"USA":{"NAME":"United States","LANGUAGE":"English"},"BRAZIL":{"NAME":"Brazil","LANGUAGE":"Portuguese"},"SPAIN":{"NAME":"Spain","LANGUAGE":"Spanish"}}},"pt":{"MENU":{"CART":{"EMPTY":"Esvaziar Carrinho","CHECKOUT":"Fechar Pedido"},"USER":{"LABEL":"Usuário","DROPDOWN":{"EDIT":"Editar","LOGOUT":"Sair"}}},"COUNTRY":{"USA":{"NAME":"Estados Unidos","LANGUAGE":"Inglês"},"BRAZIL":{"NAME":"Brasil","LANGUAGE":"Português"},"SPAIN":{"NAME":"Espanha","LANGUAGE":"Espanhol"}}},"es":{"MENU":{"CART":{"EMPTY":"Vaciar Carrito","CHECKOUT":"Realizar Pedido"},"USER":{"LABEL":"Usuario","DROPDOWN":{"EDIT":"Editar","LOGOUT":"Finalizar la Sesión"}}},"COUNTRY":{"USA":{"NAME":"Estados Unidos","LANGUAGE":"Inglés"},"BRAZIL":{"NAME":"Brasil","LANGUAGE":"Portugués"},"SPAIN":{"NAME":"España","LANGUAGE":"Español"}}}}