{"en":{"TEMPLATES":{"COMMENTS":{"HEADING":"Comment templates","VALUES":["Test comment","Comment 2","My template"]},"DESCRIPTIONS":{"HEADING":"Description templates","VALUES":["Description 1","My test description"]}}},"bg":{"TEMPLATES":{"COMMENTS":{"HEADING":"Шаблони за коментари","VALUES":["Тестов коментар","Коментар 2","Моят шаблон"]},"DESCRIPTIONS":{"HEADING":"Шаблони за описания","VALUES":["Описание 1","Моето тестово описание"]}}}}